EN xlibuf NULL "E:/PROJECTS/FINAL YEAR PROJECT/attempts in python/SIFT-SYSGEN/netlist/synth_wrapper/jtagcosim_top.vhd" sub00/vhpl18 1625418560
PB conv_pkg conv_pkg "E:/PROJECTS/FINAL YEAR PROJECT/attempts in python/SIFT-SYSGEN/netlist/synth_wrapper/jtagcosim_top.vhd" sub00/vhpl01 1625418543
AR jtagcosim_top structural "E:/PROJECTS/FINAL YEAR PROJECT/attempts in python/SIFT-SYSGEN/netlist/synth_wrapper/jtagcosim_top.vhd" sub00/vhpl29 1625418571
EN xlclockgen NULL "E:/PROJECTS/FINAL YEAR PROJECT/attempts in python/SIFT-SYSGEN/netlist/synth_wrapper/jtagcosim_top.vhd" sub00/vhpl26 1625418568
AR xliobuf structural "E:/PROJECTS/FINAL YEAR PROJECT/attempts in python/SIFT-SYSGEN/netlist/synth_wrapper/jtagcosim_top.vhd" sub00/vhpl17 1625418559
AR xlobuf structural "E:/PROJECTS/FINAL YEAR PROJECT/attempts in python/SIFT-SYSGEN/netlist/synth_wrapper/jtagcosim_top.vhd" sub00/vhpl21 1625418563
AR xlslicer behavior "E:/PROJECTS/FINAL YEAR PROJECT/attempts in python/SIFT-SYSGEN/netlist/synth_wrapper/jtagcosim_top.vhd" sub00/vhpl07 1625418549
AR xlmemmap behavioral "E:/PROJECTS/FINAL YEAR PROJECT/attempts in python/SIFT-SYSGEN/netlist/synth_wrapper/jtagcosim_top.vhd" sub00/vhpl13 1625418555
AR sysgen_hw_cosim_interface structural "E:/PROJECTS/FINAL YEAR PROJECT/attempts in python/SIFT-SYSGEN/netlist/synth_wrapper/jtagcosim_top.vhd" sub00/vhpl15 1625418557
EN xlibufds NULL "E:/PROJECTS/FINAL YEAR PROJECT/attempts in python/SIFT-SYSGEN/netlist/synth_wrapper/jtagcosim_top.vhd" sub00/vhpl22 1625418564
AR xlibufds structural "E:/PROJECTS/FINAL YEAR PROJECT/attempts in python/SIFT-SYSGEN/netlist/synth_wrapper/jtagcosim_top.vhd" sub00/vhpl23 1625418565
EN jtagcosim_top NULL "E:/PROJECTS/FINAL YEAR PROJECT/attempts in python/SIFT-SYSGEN/netlist/synth_wrapper/jtagcosim_top.vhd" sub00/vhpl28 1625418570
AR xlibuf structural "E:/PROJECTS/FINAL YEAR PROJECT/attempts in python/SIFT-SYSGEN/netlist/synth_wrapper/jtagcosim_top.vhd" sub00/vhpl19 1625418561
EN single_reg_w_init NULL "E:/PROJECTS/FINAL YEAR PROJECT/attempts in python/SIFT-SYSGEN/netlist/synth_wrapper/jtagcosim_top.vhd" sub00/vhpl02 1625418544
EN xlmemmap NULL "E:/PROJECTS/FINAL YEAR PROJECT/attempts in python/SIFT-SYSGEN/netlist/synth_wrapper/jtagcosim_top.vhd" sub00/vhpl12 1625418554
PH conv_pkg NULL "E:/PROJECTS/FINAL YEAR PROJECT/attempts in python/SIFT-SYSGEN/netlist/synth_wrapper/jtagcosim_top.vhd" sub00/vhpl00 1625418542
AR xland2 behavior "E:/PROJECTS/FINAL YEAR PROJECT/attempts in python/SIFT-SYSGEN/netlist/synth_wrapper/jtagcosim_top.vhd" sub00/vhpl09 1625418551
EN xlobufds NULL "E:/PROJECTS/FINAL YEAR PROJECT/attempts in python/SIFT-SYSGEN/netlist/synth_wrapper/jtagcosim_top.vhd" sub00/vhpl24 1625418566
AR single_reg_w_init structural "E:/PROJECTS/FINAL YEAR PROJECT/attempts in python/SIFT-SYSGEN/netlist/synth_wrapper/jtagcosim_top.vhd" sub00/vhpl03 1625418545
EN xlslicer NULL "E:/PROJECTS/FINAL YEAR PROJECT/attempts in python/SIFT-SYSGEN/netlist/synth_wrapper/jtagcosim_top.vhd" sub00/vhpl06 1625418548
EN synth_reg_w_init NULL "E:/PROJECTS/FINAL YEAR PROJECT/attempts in python/SIFT-SYSGEN/netlist/synth_wrapper/jtagcosim_top.vhd" sub00/vhpl04 1625418546
AR xlreqgrantmanager structural "E:/PROJECTS/FINAL YEAR PROJECT/attempts in python/SIFT-SYSGEN/netlist/synth_wrapper/jtagcosim_top.vhd" sub00/vhpl11 1625418553
EN xland2 NULL "E:/PROJECTS/FINAL YEAR PROJECT/attempts in python/SIFT-SYSGEN/netlist/synth_wrapper/jtagcosim_top.vhd" sub00/vhpl08 1625418550
AR xlclockgen structural "E:/PROJECTS/FINAL YEAR PROJECT/attempts in python/SIFT-SYSGEN/netlist/synth_wrapper/jtagcosim_top.vhd" sub00/vhpl27 1625418569
EN xlreqgrantmanager NULL "E:/PROJECTS/FINAL YEAR PROJECT/attempts in python/SIFT-SYSGEN/netlist/synth_wrapper/jtagcosim_top.vhd" sub00/vhpl10 1625418552
AR xlobufds structural "E:/PROJECTS/FINAL YEAR PROJECT/attempts in python/SIFT-SYSGEN/netlist/synth_wrapper/jtagcosim_top.vhd" sub00/vhpl25 1625418567
EN xlobuf NULL "E:/PROJECTS/FINAL YEAR PROJECT/attempts in python/SIFT-SYSGEN/netlist/synth_wrapper/jtagcosim_top.vhd" sub00/vhpl20 1625418562
EN xliobuf NULL "E:/PROJECTS/FINAL YEAR PROJECT/attempts in python/SIFT-SYSGEN/netlist/synth_wrapper/jtagcosim_top.vhd" sub00/vhpl16 1625418558
AR synth_reg_w_init structural "E:/PROJECTS/FINAL YEAR PROJECT/attempts in python/SIFT-SYSGEN/netlist/synth_wrapper/jtagcosim_top.vhd" sub00/vhpl05 1625418547
EN sysgen_hw_cosim_interface NULL "E:/PROJECTS/FINAL YEAR PROJECT/attempts in python/SIFT-SYSGEN/netlist/synth_wrapper/jtagcosim_top.vhd" sub00/vhpl14 1625418556
