V3 198
FL "E:/PROJECTS/FINAL YEAR PROJECT/attempts in python/SIFT-SYSGEN/netlist/synth_model/sift.vhd" 2021/07/04.22:38:13 P.20131013
EN work/addsb_11_0_30d1457599ad93f1 1625418497 \
      FL "E:/PROJECTS/FINAL YEAR PROJECT/attempts in python/SIFT-SYSGEN/netlist/synth_model/sift.vhd" \
      PB ieee/std_logic_1164 1381692176
AR work/addsb_11_0_30d1457599ad93f1/addsb_11_0_30d1457599ad93f1_a 1625418498 \
      FL "E:/PROJECTS/FINAL YEAR PROJECT/attempts in python/SIFT-SYSGEN/netlist/synth_model/sift.vhd" \
      EN work/addsb_11_0_30d1457599ad93f1 1625418497
EN work/addsb_11_0_425ea38a5c924775 1625418499 \
      FL "E:/PROJECTS/FINAL YEAR PROJECT/attempts in python/SIFT-SYSGEN/netlist/synth_model/sift.vhd" \
      PB ieee/std_logic_1164 1381692176
AR work/addsb_11_0_425ea38a5c924775/addsb_11_0_425ea38a5c924775_a 1625418500 \
      FL "E:/PROJECTS/FINAL YEAR PROJECT/attempts in python/SIFT-SYSGEN/netlist/synth_model/sift.vhd" \
      EN work/addsb_11_0_425ea38a5c924775 1625418499
EN work/addsb_11_0_7094c587598cfa37 1625418501 \
      FL "E:/PROJECTS/FINAL YEAR PROJECT/attempts in python/SIFT-SYSGEN/netlist/synth_model/sift.vhd" \
      PB ieee/std_logic_1164 1381692176
AR work/addsb_11_0_7094c587598cfa37/addsb_11_0_7094c587598cfa37_a 1625418502 \
      FL "E:/PROJECTS/FINAL YEAR PROJECT/attempts in python/SIFT-SYSGEN/netlist/synth_model/sift.vhd" \
      EN work/addsb_11_0_7094c587598cfa37 1625418501
EN work/addsb_11_0_7ae34980b4a72e6c 1625418503 \
      FL "E:/PROJECTS/FINAL YEAR PROJECT/attempts in python/SIFT-SYSGEN/netlist/synth_model/sift.vhd" \
      PB ieee/std_logic_1164 1381692176
AR work/addsb_11_0_7ae34980b4a72e6c/addsb_11_0_7ae34980b4a72e6c_a 1625418504 \
      FL "E:/PROJECTS/FINAL YEAR PROJECT/attempts in python/SIFT-SYSGEN/netlist/synth_model/sift.vhd" \
      EN work/addsb_11_0_7ae34980b4a72e6c 1625418503
EN work/addsb_11_0_c8834dcbd5945abc 1625418505 \
      FL "E:/PROJECTS/FINAL YEAR PROJECT/attempts in python/SIFT-SYSGEN/netlist/synth_model/sift.vhd" \
      PB ieee/std_logic_1164 1381692176
AR work/addsb_11_0_c8834dcbd5945abc/addsb_11_0_c8834dcbd5945abc_a 1625418506 \
      FL "E:/PROJECTS/FINAL YEAR PROJECT/attempts in python/SIFT-SYSGEN/netlist/synth_model/sift.vhd" \
      EN work/addsb_11_0_c8834dcbd5945abc 1625418505
EN work/addsb_11_0_d6c5b08d70f432d4 1625418507 \
      FL "E:/PROJECTS/FINAL YEAR PROJECT/attempts in python/SIFT-SYSGEN/netlist/synth_model/sift.vhd" \
      PB ieee/std_logic_1164 1381692176
AR work/addsb_11_0_d6c5b08d70f432d4/addsb_11_0_d6c5b08d70f432d4_a 1625418508 \
      FL "E:/PROJECTS/FINAL YEAR PROJECT/attempts in python/SIFT-SYSGEN/netlist/synth_model/sift.vhd" \
      EN work/addsb_11_0_d6c5b08d70f432d4 1625418507
EN work/addsb_11_0_e25ad78e4233698a 1625418509 \
      FL "E:/PROJECTS/FINAL YEAR PROJECT/attempts in python/SIFT-SYSGEN/netlist/synth_model/sift.vhd" \
      PB ieee/std_logic_1164 1381692176
AR work/addsb_11_0_e25ad78e4233698a/addsb_11_0_e25ad78e4233698a_a 1625418510 \
      FL "E:/PROJECTS/FINAL YEAR PROJECT/attempts in python/SIFT-SYSGEN/netlist/synth_model/sift.vhd" \
      EN work/addsb_11_0_e25ad78e4233698a 1625418509
EN work/addsb_11_0_ea646992679bcc81 1625418511 \
      FL "E:/PROJECTS/FINAL YEAR PROJECT/attempts in python/SIFT-SYSGEN/netlist/synth_model/sift.vhd" \
      PB ieee/std_logic_1164 1381692176
AR work/addsb_11_0_ea646992679bcc81/addsb_11_0_ea646992679bcc81_a 1625418512 \
      FL "E:/PROJECTS/FINAL YEAR PROJECT/attempts in python/SIFT-SYSGEN/netlist/synth_model/sift.vhd" \
      EN work/addsb_11_0_ea646992679bcc81 1625418511
EN work/bmg_72_3e1ab284fecfe373 1625418513 \
      FL "E:/PROJECTS/FINAL YEAR PROJECT/attempts in python/SIFT-SYSGEN/netlist/synth_model/sift.vhd" \
      PB ieee/std_logic_1164 1381692176
AR work/bmg_72_3e1ab284fecfe373/bmg_72_3e1ab284fecfe373_a 1625418514 \
      FL "E:/PROJECTS/FINAL YEAR PROJECT/attempts in python/SIFT-SYSGEN/netlist/synth_model/sift.vhd" \
      EN work/bmg_72_3e1ab284fecfe373 1625418513
EN work/bmg_72_410b3d3227446c03 1625418515 \
      FL "E:/PROJECTS/FINAL YEAR PROJECT/attempts in python/SIFT-SYSGEN/netlist/synth_model/sift.vhd" \
      PB ieee/std_logic_1164 1381692176
AR work/bmg_72_410b3d3227446c03/bmg_72_410b3d3227446c03_a 1625418516 \
      FL "E:/PROJECTS/FINAL YEAR PROJECT/attempts in python/SIFT-SYSGEN/netlist/synth_model/sift.vhd" \
      EN work/bmg_72_410b3d3227446c03 1625418515
EN work/bmg_72_6f9d105f6f5129b9 1625418517 \
      FL "E:/PROJECTS/FINAL YEAR PROJECT/attempts in python/SIFT-SYSGEN/netlist/synth_model/sift.vhd" \
      PB ieee/std_logic_1164 1381692176
AR work/bmg_72_6f9d105f6f5129b9/bmg_72_6f9d105f6f5129b9_a 1625418518 \
      FL "E:/PROJECTS/FINAL YEAR PROJECT/attempts in python/SIFT-SYSGEN/netlist/synth_model/sift.vhd" \
      EN work/bmg_72_6f9d105f6f5129b9 1625418517
EN work/cmlt_11_2_13bc97a43f38db15 1625418519 \
      FL "E:/PROJECTS/FINAL YEAR PROJECT/attempts in python/SIFT-SYSGEN/netlist/synth_model/sift.vhd" \
      PB ieee/std_logic_1164 1381692176
AR work/cmlt_11_2_13bc97a43f38db15/cmlt_11_2_13bc97a43f38db15_a 1625418520 \
      FL "E:/PROJECTS/FINAL YEAR PROJECT/attempts in python/SIFT-SYSGEN/netlist/synth_model/sift.vhd" \
      EN work/cmlt_11_2_13bc97a43f38db15 1625418519
EN work/cmlt_11_2_3040979a47684d1c 1625418521 \
      FL "E:/PROJECTS/FINAL YEAR PROJECT/attempts in python/SIFT-SYSGEN/netlist/synth_model/sift.vhd" \
      PB ieee/std_logic_1164 1381692176
AR work/cmlt_11_2_3040979a47684d1c/cmlt_11_2_3040979a47684d1c_a 1625418522 \
      FL "E:/PROJECTS/FINAL YEAR PROJECT/attempts in python/SIFT-SYSGEN/netlist/synth_model/sift.vhd" \
      EN work/cmlt_11_2_3040979a47684d1c 1625418521
EN work/cmlt_11_2_4ff21534f5d532d3 1625418523 \
      FL "E:/PROJECTS/FINAL YEAR PROJECT/attempts in python/SIFT-SYSGEN/netlist/synth_model/sift.vhd" \
      PB ieee/std_logic_1164 1381692176
AR work/cmlt_11_2_4ff21534f5d532d3/cmlt_11_2_4ff21534f5d532d3_a 1625418524 \
      FL "E:/PROJECTS/FINAL YEAR PROJECT/attempts in python/SIFT-SYSGEN/netlist/synth_model/sift.vhd" \
      EN work/cmlt_11_2_4ff21534f5d532d3 1625418523
EN work/cmlt_11_2_515a5d7db7c97088 1625418525 \
      FL "E:/PROJECTS/FINAL YEAR PROJECT/attempts in python/SIFT-SYSGEN/netlist/synth_model/sift.vhd" \
      PB ieee/std_logic_1164 1381692176
AR work/cmlt_11_2_515a5d7db7c97088/cmlt_11_2_515a5d7db7c97088_a 1625418526 \
      FL "E:/PROJECTS/FINAL YEAR PROJECT/attempts in python/SIFT-SYSGEN/netlist/synth_model/sift.vhd" \
      EN work/cmlt_11_2_515a5d7db7c97088 1625418525
EN work/cmlt_11_2_5496cf9983a43407 1625418527 \
      FL "E:/PROJECTS/FINAL YEAR PROJECT/attempts in python/SIFT-SYSGEN/netlist/synth_model/sift.vhd" \
      PB ieee/std_logic_1164 1381692176
AR work/cmlt_11_2_5496cf9983a43407/cmlt_11_2_5496cf9983a43407_a 1625418528 \
      FL "E:/PROJECTS/FINAL YEAR PROJECT/attempts in python/SIFT-SYSGEN/netlist/synth_model/sift.vhd" \
      EN work/cmlt_11_2_5496cf9983a43407 1625418527
EN work/cmlt_11_2_9872e8b7ce5da253 1625418529 \
      FL "E:/PROJECTS/FINAL YEAR PROJECT/attempts in python/SIFT-SYSGEN/netlist/synth_model/sift.vhd" \
      PB ieee/std_logic_1164 1381692176
AR work/cmlt_11_2_9872e8b7ce5da253/cmlt_11_2_9872e8b7ce5da253_a 1625418530 \
      FL "E:/PROJECTS/FINAL YEAR PROJECT/attempts in python/SIFT-SYSGEN/netlist/synth_model/sift.vhd" \
      EN work/cmlt_11_2_9872e8b7ce5da253 1625418529
EN work/cntr_11_0_408dad9701d8fb61 1625418531 \
      FL "E:/PROJECTS/FINAL YEAR PROJECT/attempts in python/SIFT-SYSGEN/netlist/synth_model/sift.vhd" \
      PB ieee/std_logic_1164 1381692176
AR work/cntr_11_0_408dad9701d8fb61/cntr_11_0_408dad9701d8fb61_a 1625418532 \
      FL "E:/PROJECTS/FINAL YEAR PROJECT/attempts in python/SIFT-SYSGEN/netlist/synth_model/sift.vhd" \
      EN work/cntr_11_0_408dad9701d8fb61 1625418531
EN work/cntr_11_0_467594213c284489 1625418533 \
      FL "E:/PROJECTS/FINAL YEAR PROJECT/attempts in python/SIFT-SYSGEN/netlist/synth_model/sift.vhd" \
      PB ieee/std_logic_1164 1381692176
AR work/cntr_11_0_467594213c284489/cntr_11_0_467594213c284489_a 1625418534 \
      FL "E:/PROJECTS/FINAL YEAR PROJECT/attempts in python/SIFT-SYSGEN/netlist/synth_model/sift.vhd" \
      EN work/cntr_11_0_467594213c284489 1625418533
EN work/cntr_11_0_f08a9e8f3d5b5bdb 1625418535 \
      FL "E:/PROJECTS/FINAL YEAR PROJECT/attempts in python/SIFT-SYSGEN/netlist/synth_model/sift.vhd" \
      PB ieee/std_logic_1164 1381692176
AR work/cntr_11_0_f08a9e8f3d5b5bdb/cntr_11_0_f08a9e8f3d5b5bdb_a 1625418536 \
      FL "E:/PROJECTS/FINAL YEAR PROJECT/attempts in python/SIFT-SYSGEN/netlist/synth_model/sift.vhd" \
      EN work/cntr_11_0_f08a9e8f3d5b5bdb 1625418535
PH work/conv_pkg 1625418537 \
      FL "E:/PROJECTS/FINAL YEAR PROJECT/attempts in python/SIFT-SYSGEN/netlist/synth_model/sift.vhd" \
      PB ieee/std_logic_1164 1381692176 PB ieee/NUMERIC_STD 1381692181
PB work/conv_pkg 1625418538 \
      FL "E:/PROJECTS/FINAL YEAR PROJECT/attempts in python/SIFT-SYSGEN/netlist/synth_model/sift.vhd" \
      PH work/conv_pkg 1625418537
EN work/srl17e 1625418539 \
      FL "E:/PROJECTS/FINAL YEAR PROJECT/attempts in python/SIFT-SYSGEN/netlist/synth_model/sift.vhd" \
      PB ieee/std_logic_1164 1381692176 PB work/conv_pkg 1625418538
AR work/srl17e/structural 1625418540 \
      FL "E:/PROJECTS/FINAL YEAR PROJECT/attempts in python/SIFT-SYSGEN/netlist/synth_model/sift.vhd" \
      EN work/srl17e 1625418539 CP srl16e CP fde
EN work/synth_reg 1625418541 \
      FL "E:/PROJECTS/FINAL YEAR PROJECT/attempts in python/SIFT-SYSGEN/netlist/synth_model/sift.vhd" \
      PB ieee/std_logic_1164 1381692176 PB work/conv_pkg 1625418538
AR work/synth_reg/structural 1625418542 \
      FL "E:/PROJECTS/FINAL YEAR PROJECT/attempts in python/SIFT-SYSGEN/netlist/synth_model/sift.vhd" \
      EN work/synth_reg 1625418541 CP srl17e
EN work/synth_reg_reg 1625418543 \
      FL "E:/PROJECTS/FINAL YEAR PROJECT/attempts in python/SIFT-SYSGEN/netlist/synth_model/sift.vhd" \
      PB ieee/std_logic_1164 1381692176 PB work/conv_pkg 1625418538
AR work/synth_reg_reg/behav 1625418544 \
      FL "E:/PROJECTS/FINAL YEAR PROJECT/attempts in python/SIFT-SYSGEN/netlist/synth_model/sift.vhd" \
      EN work/synth_reg_reg 1625418543
EN work/single_reg_w_init 1625418545 \
      FL "E:/PROJECTS/FINAL YEAR PROJECT/attempts in python/SIFT-SYSGEN/netlist/synth_model/sift.vhd" \
      PB ieee/std_logic_1164 1381692176 PB work/conv_pkg 1625418538
AR work/single_reg_w_init/structural 1625418546 \
      FL "E:/PROJECTS/FINAL YEAR PROJECT/attempts in python/SIFT-SYSGEN/netlist/synth_model/sift.vhd" \
      EN work/single_reg_w_init 1625418545 CP fdre CP fdse
EN work/synth_reg_w_init 1625418547 \
      FL "E:/PROJECTS/FINAL YEAR PROJECT/attempts in python/SIFT-SYSGEN/netlist/synth_model/sift.vhd" \
      PB ieee/std_logic_1164 1381692176 PB work/conv_pkg 1625418538
AR work/synth_reg_w_init/structural 1625418548 \
      FL "E:/PROJECTS/FINAL YEAR PROJECT/attempts in python/SIFT-SYSGEN/netlist/synth_model/sift.vhd" \
      EN work/synth_reg_w_init 1625418547 CP single_reg_w_init
EN work/constant_6293007044 1625418549 \
      FL "E:/PROJECTS/FINAL YEAR PROJECT/attempts in python/SIFT-SYSGEN/netlist/synth_model/sift.vhd" \
      PB ieee/std_logic_1164 1381692176 PB ieee/NUMERIC_STD 1381692181 \
      PB work/conv_pkg 1625418538
AR work/constant_6293007044/behavior 1625418550 \
      FL "E:/PROJECTS/FINAL YEAR PROJECT/attempts in python/SIFT-SYSGEN/netlist/synth_model/sift.vhd" \
      EN work/constant_6293007044 1625418549
EN work/xlcounter_limit_SIFT 1625418551 \
      FL "E:/PROJECTS/FINAL YEAR PROJECT/attempts in python/SIFT-SYSGEN/netlist/synth_model/sift.vhd" \
      PB ieee/std_logic_1164 1381692176 PB ieee/NUMERIC_STD 1381692181 \
      PB work/conv_pkg 1625418538
AR work/xlcounter_limit_SIFT/behavior 1625418552 \
      FL "E:/PROJECTS/FINAL YEAR PROJECT/attempts in python/SIFT-SYSGEN/netlist/synth_model/sift.vhd" \
      EN work/xlcounter_limit_SIFT 1625418551 CP cntr_11_0_467594213c284489
EN work/xlspram_SIFT 1625418553 \
      FL "E:/PROJECTS/FINAL YEAR PROJECT/attempts in python/SIFT-SYSGEN/netlist/synth_model/sift.vhd" \
      PB ieee/std_logic_1164 1381692176 PB work/conv_pkg 1625418538
AR work/xlspram_SIFT/behavior 1625418554 \
      FL "E:/PROJECTS/FINAL YEAR PROJECT/attempts in python/SIFT-SYSGEN/netlist/synth_model/sift.vhd" \
      EN work/xlspram_SIFT 1625418553 CP bmg_72_6f9d105f6f5129b9 CP synth_reg
EN work/xladdsub_SIFT 1625418555 \
      FL "E:/PROJECTS/FINAL YEAR PROJECT/attempts in python/SIFT-SYSGEN/netlist/synth_model/sift.vhd" \
      PB ieee/std_logic_1164 1381692176 PB ieee/std_logic_arith 1381692177 \
      PB work/conv_pkg 1625418538
AR work/xladdsub_SIFT/behavior 1625418556 \
      FL "E:/PROJECTS/FINAL YEAR PROJECT/attempts in python/SIFT-SYSGEN/netlist/synth_model/sift.vhd" \
      EN work/xladdsub_SIFT 1625418555 CP addsb_11_0_d6c5b08d70f432d4 \
      CP addsb_11_0_7094c587598cfa37 CP addsb_11_0_7ae34980b4a72e6c \
      CP addsb_11_0_30d1457599ad93f1 CP addsb_11_0_e25ad78e4233698a \
      CP addsb_11_0_c8834dcbd5945abc CP addsb_11_0_425ea38a5c924775 \
      CP addsb_11_0_ea646992679bcc81 CP synth_reg
EN work/xlcmult_SIFT 1625418557 \
      FL "E:/PROJECTS/FINAL YEAR PROJECT/attempts in python/SIFT-SYSGEN/netlist/synth_model/sift.vhd" \
      PB ieee/std_logic_1164 1381692176 PB ieee/std_logic_arith 1381692177 \
      PB work/conv_pkg 1625418538
AR work/xlcmult_SIFT/behavior 1625418558 \
      FL "E:/PROJECTS/FINAL YEAR PROJECT/attempts in python/SIFT-SYSGEN/netlist/synth_model/sift.vhd" \
      EN work/xlcmult_SIFT 1625418557 CP cmlt_11_2_5496cf9983a43407 \
      CP cmlt_11_2_515a5d7db7c97088 CP cmlt_11_2_4ff21534f5d532d3 \
      CP cmlt_11_2_9872e8b7ce5da253 CP cmlt_11_2_13bc97a43f38db15 \
      CP cmlt_11_2_3040979a47684d1c CP synth_reg
EN work/xldelay 1625418559 \
      FL "E:/PROJECTS/FINAL YEAR PROJECT/attempts in python/SIFT-SYSGEN/netlist/synth_model/sift.vhd" \
      PB ieee/std_logic_1164 1381692176 PB work/conv_pkg 1625418538
AR work/xldelay/behavior 1625418560 \
      FL "E:/PROJECTS/FINAL YEAR PROJECT/attempts in python/SIFT-SYSGEN/netlist/synth_model/sift.vhd" \
      EN work/xldelay 1625418559 CP synth_reg CP synth_reg_reg
EN work/constant_963ed6358a 1625418561 \
      FL "E:/PROJECTS/FINAL YEAR PROJECT/attempts in python/SIFT-SYSGEN/netlist/synth_model/sift.vhd" \
      PB ieee/std_logic_1164 1381692176 PB ieee/NUMERIC_STD 1381692181 \
      PB work/conv_pkg 1625418538
AR work/constant_963ed6358a/behavior 1625418562 \
      FL "E:/PROJECTS/FINAL YEAR PROJECT/attempts in python/SIFT-SYSGEN/netlist/synth_model/sift.vhd" \
      EN work/constant_963ed6358a 1625418561
EN work/constant_109a05a45d 1625418563 \
      FL "E:/PROJECTS/FINAL YEAR PROJECT/attempts in python/SIFT-SYSGEN/netlist/synth_model/sift.vhd" \
      PB ieee/std_logic_1164 1381692176 PB ieee/NUMERIC_STD 1381692181 \
      PB work/conv_pkg 1625418538
AR work/constant_109a05a45d/behavior 1625418564 \
      FL "E:/PROJECTS/FINAL YEAR PROJECT/attempts in python/SIFT-SYSGEN/netlist/synth_model/sift.vhd" \
      EN work/constant_109a05a45d 1625418563
EN work/constant_498bc68c14 1625418565 \
      FL "E:/PROJECTS/FINAL YEAR PROJECT/attempts in python/SIFT-SYSGEN/netlist/synth_model/sift.vhd" \
      PB ieee/std_logic_1164 1381692176 PB ieee/NUMERIC_STD 1381692181 \
      PB work/conv_pkg 1625418538
AR work/constant_498bc68c14/behavior 1625418566 \
      FL "E:/PROJECTS/FINAL YEAR PROJECT/attempts in python/SIFT-SYSGEN/netlist/synth_model/sift.vhd" \
      EN work/constant_498bc68c14 1625418565
EN work/xlcounter_free_SIFT 1625418567 \
      FL "E:/PROJECTS/FINAL YEAR PROJECT/attempts in python/SIFT-SYSGEN/netlist/synth_model/sift.vhd" \
      PB ieee/std_logic_1164 1381692176 PB work/conv_pkg 1625418538
AR work/xlcounter_free_SIFT/behavior 1625418568 \
      FL "E:/PROJECTS/FINAL YEAR PROJECT/attempts in python/SIFT-SYSGEN/netlist/synth_model/sift.vhd" \
      EN work/xlcounter_free_SIFT 1625418567 CP cntr_11_0_f08a9e8f3d5b5bdb \
      CP cntr_11_0_408dad9701d8fb61
EN work/xldpram_SIFT 1625418569 \
      FL "E:/PROJECTS/FINAL YEAR PROJECT/attempts in python/SIFT-SYSGEN/netlist/synth_model/sift.vhd" \
      PB ieee/std_logic_1164 1381692176 PB ieee/std_logic_arith 1381692177 \
      PB work/conv_pkg 1625418538
AR work/xldpram_SIFT/behavior 1625418570 \
      FL "E:/PROJECTS/FINAL YEAR PROJECT/attempts in python/SIFT-SYSGEN/netlist/synth_model/sift.vhd" \
      EN work/xldpram_SIFT 1625418569 CP bmg_72_410b3d3227446c03 \
      CP bmg_72_3e1ab284fecfe373 CP synth_reg
EN work/xlregister 1625418571 \
      FL "E:/PROJECTS/FINAL YEAR PROJECT/attempts in python/SIFT-SYSGEN/netlist/synth_model/sift.vhd" \
      PB ieee/std_logic_1164 1381692176 PB work/conv_pkg 1625418538
AR work/xlregister/behavior 1625418572 \
      FL "E:/PROJECTS/FINAL YEAR PROJECT/attempts in python/SIFT-SYSGEN/netlist/synth_model/sift.vhd" \
      EN work/xlregister 1625418571 CP synth_reg_w_init
EN work/relational_0ffd72e037 1625418573 \
      FL "E:/PROJECTS/FINAL YEAR PROJECT/attempts in python/SIFT-SYSGEN/netlist/synth_model/sift.vhd" \
      PB ieee/std_logic_1164 1381692176 PB ieee/NUMERIC_STD 1381692181 \
      PB work/conv_pkg 1625418538
AR work/relational_0ffd72e037/behavior 1625418574 \
      FL "E:/PROJECTS/FINAL YEAR PROJECT/attempts in python/SIFT-SYSGEN/netlist/synth_model/sift.vhd" \
      EN work/relational_0ffd72e037 1625418573
EN work/relational_cef71be05b 1625418575 \
      FL "E:/PROJECTS/FINAL YEAR PROJECT/attempts in python/SIFT-SYSGEN/netlist/synth_model/sift.vhd" \
      PB ieee/std_logic_1164 1381692176 PB ieee/NUMERIC_STD 1381692181 \
      PB work/conv_pkg 1625418538
AR work/relational_cef71be05b/behavior 1625418576 \
      FL "E:/PROJECTS/FINAL YEAR PROJECT/attempts in python/SIFT-SYSGEN/netlist/synth_model/sift.vhd" \
      EN work/relational_cef71be05b 1625418575
EN work/relational_ba5c6f1dfc 1625418577 \
      FL "E:/PROJECTS/FINAL YEAR PROJECT/attempts in python/SIFT-SYSGEN/netlist/synth_model/sift.vhd" \
      PB ieee/std_logic_1164 1381692176 PB ieee/NUMERIC_STD 1381692181 \
      PB work/conv_pkg 1625418538
AR work/relational_ba5c6f1dfc/behavior 1625418578 \
      FL "E:/PROJECTS/FINAL YEAR PROJECT/attempts in python/SIFT-SYSGEN/netlist/synth_model/sift.vhd" \
      EN work/relational_ba5c6f1dfc 1625418577
EN work/constant_7fdf918d22 1625418579 \
      FL "E:/PROJECTS/FINAL YEAR PROJECT/attempts in python/SIFT-SYSGEN/netlist/synth_model/sift.vhd" \
      PB ieee/std_logic_1164 1381692176 PB ieee/NUMERIC_STD 1381692181 \
      PB work/conv_pkg 1625418538
AR work/constant_7fdf918d22/behavior 1625418580 \
      FL "E:/PROJECTS/FINAL YEAR PROJECT/attempts in python/SIFT-SYSGEN/netlist/synth_model/sift.vhd" \
      EN work/constant_7fdf918d22 1625418579
EN work/constant_a3923dd146 1625418581 \
      FL "E:/PROJECTS/FINAL YEAR PROJECT/attempts in python/SIFT-SYSGEN/netlist/synth_model/sift.vhd" \
      PB ieee/std_logic_1164 1381692176 PB ieee/NUMERIC_STD 1381692181 \
      PB work/conv_pkg 1625418538
AR work/constant_a3923dd146/behavior 1625418582 \
      FL "E:/PROJECTS/FINAL YEAR PROJECT/attempts in python/SIFT-SYSGEN/netlist/synth_model/sift.vhd" \
      EN work/constant_a3923dd146 1625418581
EN work/relational_2147430058 1625418583 \
      FL "E:/PROJECTS/FINAL YEAR PROJECT/attempts in python/SIFT-SYSGEN/netlist/synth_model/sift.vhd" \
      PB ieee/std_logic_1164 1381692176 PB ieee/NUMERIC_STD 1381692181 \
      PB work/conv_pkg 1625418538
AR work/relational_2147430058/behavior 1625418584 \
      FL "E:/PROJECTS/FINAL YEAR PROJECT/attempts in python/SIFT-SYSGEN/netlist/synth_model/sift.vhd" \
      EN work/relational_2147430058 1625418583
EN work/logical_691cfbc034 1625418585 \
      FL "E:/PROJECTS/FINAL YEAR PROJECT/attempts in python/SIFT-SYSGEN/netlist/synth_model/sift.vhd" \
      PB ieee/std_logic_1164 1381692176 PB ieee/NUMERIC_STD 1381692181 \
      PB work/conv_pkg 1625418538
AR work/logical_691cfbc034/behavior 1625418586 \
      FL "E:/PROJECTS/FINAL YEAR PROJECT/attempts in python/SIFT-SYSGEN/netlist/synth_model/sift.vhd" \
      EN work/logical_691cfbc034 1625418585
EN work/logical_1045fb331f 1625418587 \
      FL "E:/PROJECTS/FINAL YEAR PROJECT/attempts in python/SIFT-SYSGEN/netlist/synth_model/sift.vhd" \
      PB ieee/std_logic_1164 1381692176 PB ieee/NUMERIC_STD 1381692181 \
      PB work/conv_pkg 1625418538
AR work/logical_1045fb331f/behavior 1625418588 \
      FL "E:/PROJECTS/FINAL YEAR PROJECT/attempts in python/SIFT-SYSGEN/netlist/synth_model/sift.vhd" \
      EN work/logical_1045fb331f 1625418587
EN work/virtex2_line_buffer_entity_c1bb50b4d7 1625418589 \
      FL "E:/PROJECTS/FINAL YEAR PROJECT/attempts in python/SIFT-SYSGEN/netlist/synth_model/sift.vhd" \
      PB ieee/std_logic_1164 1381692176 PB work/conv_pkg 1625418538
AR work/virtex2_line_buffer_entity_c1bb50b4d7/structural 1625418590 \
      FL "E:/PROJECTS/FINAL YEAR PROJECT/attempts in python/SIFT-SYSGEN/netlist/synth_model/sift.vhd" \
      EN work/virtex2_line_buffer_entity_c1bb50b4d7 1625418589 \
      CP work/constant_6293007044 CP work/xlcounter_limit_SIFT \
      CP work/xlspram_SIFT
EN work/row11_entity_7d49ab9ec0 1625418591 \
      FL "E:/PROJECTS/FINAL YEAR PROJECT/attempts in python/SIFT-SYSGEN/netlist/synth_model/sift.vhd" \
      PB ieee/std_logic_1164 1381692176 PB work/conv_pkg 1625418538
AR work/row11_entity_7d49ab9ec0/structural 1625418592 \
      FL "E:/PROJECTS/FINAL YEAR PROJECT/attempts in python/SIFT-SYSGEN/netlist/synth_model/sift.vhd" \
      EN work/row11_entity_7d49ab9ec0 1625418591 \
      CP work/virtex2_line_buffer_entity_c1bb50b4d7
EN work/subsystem_entity_831c6341cb 1625418593 \
      FL "E:/PROJECTS/FINAL YEAR PROJECT/attempts in python/SIFT-SYSGEN/netlist/synth_model/sift.vhd" \
      PB ieee/std_logic_1164 1381692176 PB work/conv_pkg 1625418538
AR work/subsystem_entity_831c6341cb/structural 1625418594 \
      FL "E:/PROJECTS/FINAL YEAR PROJECT/attempts in python/SIFT-SYSGEN/netlist/synth_model/sift.vhd" \
      EN work/subsystem_entity_831c6341cb 1625418593 CP work/xladdsub_SIFT \
      CP work/xlcmult_SIFT CP work/xldelay CP work/row11_entity_7d49ab9ec0
EN work/virtex_line_buffer_entity_a29e816750 1625418595 \
      FL "E:/PROJECTS/FINAL YEAR PROJECT/attempts in python/SIFT-SYSGEN/netlist/synth_model/sift.vhd" \
      PB ieee/std_logic_1164 1381692176 PB work/conv_pkg 1625418538
AR work/virtex_line_buffer_entity_a29e816750/structural 1625418596 \
      FL "E:/PROJECTS/FINAL YEAR PROJECT/attempts in python/SIFT-SYSGEN/netlist/synth_model/sift.vhd" \
      EN work/virtex_line_buffer_entity_a29e816750 1625418595 \
      CP work/constant_963ed6358a CP work/constant_6293007044 \
      CP work/constant_109a05a45d CP work/constant_498bc68c14 \
      CP work/xlcounter_free_SIFT CP work/xldpram_SIFT CP work/xlregister \
      CP work/relational_0ffd72e037
EN work/gaussian_filter_entity_75f41107d3 1625418597 \
      FL "E:/PROJECTS/FINAL YEAR PROJECT/attempts in python/SIFT-SYSGEN/netlist/synth_model/sift.vhd" \
      PB ieee/std_logic_1164 1381692176 PB work/conv_pkg 1625418538
AR work/gaussian_filter_entity_75f41107d3/structural 1625418598 \
      FL "E:/PROJECTS/FINAL YEAR PROJECT/attempts in python/SIFT-SYSGEN/netlist/synth_model/sift.vhd" \
      EN work/gaussian_filter_entity_75f41107d3 1625418597 CP work/xladdsub_SIFT \
      CP work/xldelay CP work/subsystem_entity_831c6341cb \
      CP work/virtex2_line_buffer_entity_c1bb50b4d7 \
      CP work/virtex_line_buffer_entity_a29e816750
EN work/subsystem_entity_d161dbf7fc 1625418599 \
      FL "E:/PROJECTS/FINAL YEAR PROJECT/attempts in python/SIFT-SYSGEN/netlist/synth_model/sift.vhd" \
      PB ieee/std_logic_1164 1381692176 PB work/conv_pkg 1625418538
AR work/subsystem_entity_d161dbf7fc/structural 1625418600 \
      FL "E:/PROJECTS/FINAL YEAR PROJECT/attempts in python/SIFT-SYSGEN/netlist/synth_model/sift.vhd" \
      EN work/subsystem_entity_d161dbf7fc 1625418599 \
      CP work/relational_cef71be05b
EN work/subsystem2_entity_9d437adc7b 1625418601 \
      FL "E:/PROJECTS/FINAL YEAR PROJECT/attempts in python/SIFT-SYSGEN/netlist/synth_model/sift.vhd" \
      PB ieee/std_logic_1164 1381692176 PB work/conv_pkg 1625418538
AR work/subsystem2_entity_9d437adc7b/structural 1625418602 \
      FL "E:/PROJECTS/FINAL YEAR PROJECT/attempts in python/SIFT-SYSGEN/netlist/synth_model/sift.vhd" \
      EN work/subsystem2_entity_9d437adc7b 1625418601 \
      CP work/relational_cef71be05b
EN work/maxima_entity_f36dca9fb9 1625418603 \
      FL "E:/PROJECTS/FINAL YEAR PROJECT/attempts in python/SIFT-SYSGEN/netlist/synth_model/sift.vhd" \
      PB ieee/std_logic_1164 1381692176 PB work/conv_pkg 1625418538
AR work/maxima_entity_f36dca9fb9/structural 1625418604 \
      FL "E:/PROJECTS/FINAL YEAR PROJECT/attempts in python/SIFT-SYSGEN/netlist/synth_model/sift.vhd" \
      EN work/maxima_entity_f36dca9fb9 1625418603 \
      CP work/subsystem_entity_d161dbf7fc CP work/subsystem2_entity_9d437adc7b
EN work/subsystem_entity_1998dcc4bb 1625418605 \
      FL "E:/PROJECTS/FINAL YEAR PROJECT/attempts in python/SIFT-SYSGEN/netlist/synth_model/sift.vhd" \
      PB ieee/std_logic_1164 1381692176 PB work/conv_pkg 1625418538
AR work/subsystem_entity_1998dcc4bb/structural 1625418606 \
      FL "E:/PROJECTS/FINAL YEAR PROJECT/attempts in python/SIFT-SYSGEN/netlist/synth_model/sift.vhd" \
      EN work/subsystem_entity_1998dcc4bb 1625418605 \
      CP work/relational_ba5c6f1dfc
EN work/subsystem1_entity_632ff6b114 1625418607 \
      FL "E:/PROJECTS/FINAL YEAR PROJECT/attempts in python/SIFT-SYSGEN/netlist/synth_model/sift.vhd" \
      PB ieee/std_logic_1164 1381692176 PB work/conv_pkg 1625418538
AR work/subsystem1_entity_632ff6b114/structural 1625418608 \
      FL "E:/PROJECTS/FINAL YEAR PROJECT/attempts in python/SIFT-SYSGEN/netlist/synth_model/sift.vhd" \
      EN work/subsystem1_entity_632ff6b114 1625418607 \
      CP work/relational_ba5c6f1dfc
EN work/subsystem2_entity_2a6c0a7987 1625418609 \
      FL "E:/PROJECTS/FINAL YEAR PROJECT/attempts in python/SIFT-SYSGEN/netlist/synth_model/sift.vhd" \
      PB ieee/std_logic_1164 1381692176 PB work/conv_pkg 1625418538
AR work/subsystem2_entity_2a6c0a7987/structural 1625418610 \
      FL "E:/PROJECTS/FINAL YEAR PROJECT/attempts in python/SIFT-SYSGEN/netlist/synth_model/sift.vhd" \
      EN work/subsystem2_entity_2a6c0a7987 1625418609 \
      CP work/relational_ba5c6f1dfc
EN work/minima_entity_704bc545e6 1625418611 \
      FL "E:/PROJECTS/FINAL YEAR PROJECT/attempts in python/SIFT-SYSGEN/netlist/synth_model/sift.vhd" \
      PB ieee/std_logic_1164 1381692176 PB work/conv_pkg 1625418538
AR work/minima_entity_704bc545e6/structural 1625418612 \
      FL "E:/PROJECTS/FINAL YEAR PROJECT/attempts in python/SIFT-SYSGEN/netlist/synth_model/sift.vhd" \
      EN work/minima_entity_704bc545e6 1625418611 \
      CP work/subsystem1_entity_632ff6b114 CP work/subsystem2_entity_2a6c0a7987 \
      CP work/subsystem_entity_1998dcc4bb
EN work/virtex_line_buffer_entity_16e10a05b3 1625418613 \
      FL "E:/PROJECTS/FINAL YEAR PROJECT/attempts in python/SIFT-SYSGEN/netlist/synth_model/sift.vhd" \
      PB ieee/std_logic_1164 1381692176 PB work/conv_pkg 1625418538
AR work/virtex_line_buffer_entity_16e10a05b3/structural 1625418614 \
      FL "E:/PROJECTS/FINAL YEAR PROJECT/attempts in python/SIFT-SYSGEN/netlist/synth_model/sift.vhd" \
      EN work/virtex_line_buffer_entity_16e10a05b3 1625418613 \
      CP work/constant_963ed6358a CP work/constant_6293007044 \
      CP work/constant_7fdf918d22 CP work/constant_a3923dd146 \
      CP work/xlcounter_free_SIFT CP work/xldpram_SIFT CP work/xlregister \
      CP work/relational_2147430058
EN work/window_generator_entity_68334b248c 1625418615 \
      FL "E:/PROJECTS/FINAL YEAR PROJECT/attempts in python/SIFT-SYSGEN/netlist/synth_model/sift.vhd" \
      PB ieee/std_logic_1164 1381692176 PB work/conv_pkg 1625418538
AR work/window_generator_entity_68334b248c/structural 1625418616 \
      FL "E:/PROJECTS/FINAL YEAR PROJECT/attempts in python/SIFT-SYSGEN/netlist/synth_model/sift.vhd" \
      EN work/window_generator_entity_68334b248c 1625418615 CP work/xldelay \
      CP work/virtex_line_buffer_entity_16e10a05b3
EN work/sift 1625418617 \
      FL "E:/PROJECTS/FINAL YEAR PROJECT/attempts in python/SIFT-SYSGEN/netlist/synth_model/sift.vhd" \
      PB ieee/std_logic_1164 1381692176 PB work/conv_pkg 1625418538
AR work/sift/structural 1625418618 \
      FL "E:/PROJECTS/FINAL YEAR PROJECT/attempts in python/SIFT-SYSGEN/netlist/synth_model/sift.vhd" \
      EN work/sift 1625418617 CP work/xladdsub_SIFT \
      CP work/gaussian_filter_entity_75f41107d3 CP work/logical_691cfbc034 \
      CP work/logical_1045fb331f CP work/maxima_entity_f36dca9fb9 \
      CP work/minima_entity_704bc545e6 CP work/window_generator_entity_68334b248c
FL "E:/PROJECTS/FINAL YEAR PROJECT/attempts in python/SIFT-SYSGEN/netlist/synth_model/sift_cw.vhd" 2021/07/04.22:38:13 P.20131013
EN work/xlclockdriver 1625418619 \
      FL "E:/PROJECTS/FINAL YEAR PROJECT/attempts in python/SIFT-SYSGEN/netlist/synth_model/sift_cw.vhd" \
      PB ieee/std_logic_1164 1381692176 PB ieee/NUMERIC_STD 1381692181 \
      PB work/conv_pkg 1625418538
AR work/xlclockdriver/behavior 1625418620 \
      FL "E:/PROJECTS/FINAL YEAR PROJECT/attempts in python/SIFT-SYSGEN/netlist/synth_model/sift_cw.vhd" \
      EN work/xlclockdriver 1625418619 CP synth_reg_w_init CP bufg
EN work/default_clock_driver_SIFT 1625418621 \
      FL "E:/PROJECTS/FINAL YEAR PROJECT/attempts in python/SIFT-SYSGEN/netlist/synth_model/sift_cw.vhd" \
      PB ieee/std_logic_1164 1381692176 PB work/conv_pkg 1625418538
AR work/default_clock_driver_SIFT/structural 1625418622 \
      FL "E:/PROJECTS/FINAL YEAR PROJECT/attempts in python/SIFT-SYSGEN/netlist/synth_model/sift_cw.vhd" \
      EN work/default_clock_driver_SIFT 1625418621 CP work/xlclockdriver
EN work/sift_cw 1625418623 \
      FL "E:/PROJECTS/FINAL YEAR PROJECT/attempts in python/SIFT-SYSGEN/netlist/synth_model/sift_cw.vhd" \
      PB ieee/std_logic_1164 1381692176 PB work/conv_pkg 1625418538
AR work/sift_cw/structural 1625418624 \
      FL "E:/PROJECTS/FINAL YEAR PROJECT/attempts in python/SIFT-SYSGEN/netlist/synth_model/sift_cw.vhd" \
      EN work/sift_cw 1625418623 CP work/default_clock_driver_SIFT \
      CP xlpersistentdff CP work/sift
