E:\PROJECTS\FINAL YEAR PROJECT\attempts in python\SIFT-SYSGEN\netlist\sift_cw.ngc 1625456685
E:\PROJECTS\FINAL YEAR PROJECT\attempts in python\SIFT-SYSGEN\netlist/xlpersistentdff.ngc 1625417426
E:\PROJECTS\FINAL YEAR PROJECT\attempts in python\SIFT-SYSGEN\netlist/bmg_72_3e1ab284fecfe373.ngc 1625417877
E:\PROJECTS\FINAL YEAR PROJECT\attempts in python\SIFT-SYSGEN\netlist/cntr_11_0_408dad9701d8fb61.ngc 1625418345
E:\PROJECTS\FINAL YEAR PROJECT\attempts in python\SIFT-SYSGEN\netlist/addsb_11_0_d6c5b08d70f432d4.ngc 1625417719
E:\PROJECTS\FINAL YEAR PROJECT\attempts in python\SIFT-SYSGEN\netlist/addsb_11_0_7094c587598cfa37.ngc 1625417581
E:\PROJECTS\FINAL YEAR PROJECT\attempts in python\SIFT-SYSGEN\netlist/addsb_11_0_7ae34980b4a72e6c.ngc 1625417627
E:\PROJECTS\FINAL YEAR PROJECT\attempts in python\SIFT-SYSGEN\netlist/cmlt_11_2_5496cf9983a43407.ngc 1625418238
E:\PROJECTS\FINAL YEAR PROJECT\attempts in python\SIFT-SYSGEN\netlist/cmlt_11_2_515a5d7db7c97088.ngc 1625418194
E:\PROJECTS\FINAL YEAR PROJECT\attempts in python\SIFT-SYSGEN\netlist/cmlt_11_2_4ff21534f5d532d3.ngc 1625418151
E:\PROJECTS\FINAL YEAR PROJECT\attempts in python\SIFT-SYSGEN\netlist/cmlt_11_2_9872e8b7ce5da253.ngc 1625418282
E:\PROJECTS\FINAL YEAR PROJECT\attempts in python\SIFT-SYSGEN\netlist/cmlt_11_2_13bc97a43f38db15.ngc 1625418051
E:\PROJECTS\FINAL YEAR PROJECT\attempts in python\SIFT-SYSGEN\netlist/cmlt_11_2_3040979a47684d1c.ngc 1625418101
E:\PROJECTS\FINAL YEAR PROJECT\attempts in python\SIFT-SYSGEN\netlist/cntr_11_0_467594213c284489.ngc 1625418407
E:\PROJECTS\FINAL YEAR PROJECT\attempts in python\SIFT-SYSGEN\netlist/bmg_72_6f9d105f6f5129b9.ngc 1625418000
E:\PROJECTS\FINAL YEAR PROJECT\attempts in python\SIFT-SYSGEN\netlist/addsb_11_0_ea646992679bcc81.ngc 1625417811
E:\PROJECTS\FINAL YEAR PROJECT\attempts in python\SIFT-SYSGEN\netlist/cntr_11_0_f08a9e8f3d5b5bdb.ngc 1625418469
E:\PROJECTS\FINAL YEAR PROJECT\attempts in python\SIFT-SYSGEN\netlist/bmg_72_410b3d3227446c03.ngc 1625417936
E:\PROJECTS\FINAL YEAR PROJECT\attempts in python\SIFT-SYSGEN\netlist/addsb_11_0_30d1457599ad93f1.ngc 1625417489
E:\PROJECTS\FINAL YEAR PROJECT\attempts in python\SIFT-SYSGEN\netlist/addsb_11_0_e25ad78e4233698a.ngc 1625417765
E:\PROJECTS\FINAL YEAR PROJECT\attempts in python\SIFT-SYSGEN\netlist/addsb_11_0_c8834dcbd5945abc.ngc 1625417673
E:\PROJECTS\FINAL YEAR PROJECT\attempts in python\SIFT-SYSGEN\netlist/addsb_11_0_425ea38a5c924775.ngc 1625417536
OK
